Aug 15 04:02:12 ns1 syslogd 1.4-0: restart.
Aug 15 04:02:12 ns1 syslogd 1.4-0: restart.
Aug 15 04:02:12 ns1 syslogd 1.4-0: restart.
Aug 17 10:28:47 ns1 rc: Stopping keytable:  succeeded
Aug 17 10:28:47 ns1 Font Server[790]: terminating 
Aug 17 10:28:48 ns1 xfs: xfs shutdown succeeded
Aug 17 10:28:49 ns1 gpm: gpm shutdown succeeded
Aug 17 10:28:50 ns1 httpd: httpd shutdown succeeded
Aug 17 10:28:50 ns1 squid: Stopping squid: 
Aug 17 10:28:52 ns1 squid[900]: Squid Parent: child process 901 exited with status 0
Aug 17 10:28:53 ns1 squid: 
Aug 17 10:28:53 ns1 rc: Stopping squid:  succeeded
Aug 17 10:28:53 ns1 sshd: sshd -TERM succeeded
Aug 17 10:28:53 ns1 sendmail: sendmail shutdown succeeded
Aug 17 10:28:54 ns1 smb: smbd shutdown succeeded
Aug 17 10:28:55 ns1 smb: nmbd shutdown succeeded
Aug 17 10:28:56 ns1 named[907]: shutting down
Aug 17 10:28:56 ns1 named[907]: no longer listening on 127.0.0.1#53
Aug 17 10:28:56 ns1 named[907]: no longer listening on 63.126.79.67#53
Aug 17 10:28:56 ns1 named[907]: no longer listening on 63.126.79.69#53
Aug 17 10:28:56 ns1 named[907]: no longer listening on 63.126.79.70#53
Aug 17 10:28:56 ns1 named[907]: no longer listening on 63.126.79.71#53
Aug 17 10:28:56 ns1 named[907]: no longer listening on 63.126.79.72#53
Aug 17 10:28:56 ns1 named[907]: no longer listening on 63.126.79.73#53
Aug 17 10:28:56 ns1 named[907]: no longer listening on 63.126.79.75#53
Aug 17 10:28:56 ns1 named[907]: no longer listening on 63.126.79.80#53
Aug 17 10:28:56 ns1 named[907]: no longer listening on 63.126.79.81#53
Aug 17 10:28:56 ns1 named[907]: no longer listening on 63.126.79.82#53
Aug 17 10:28:56 ns1 named[907]: no longer listening on 63.126.79.83#53
Aug 17 10:28:56 ns1 named[907]: no longer listening on 63.126.79.84#53
Aug 17 10:28:56 ns1 named[907]: no longer listening on 63.126.79.85#53
Aug 17 10:28:56 ns1 named[907]: no longer listening on 63.126.79.87#53
Aug 17 10:28:56 ns1 named[907]: no longer listening on 63.126.79.89#53
Aug 17 10:28:56 ns1 named[907]: no longer listening on 63.126.79.90#53
Aug 17 10:28:56 ns1 named[907]: no longer listening on 63.126.79.95#53
Aug 17 10:28:56 ns1 named[907]: no longer listening on 63.126.79.100#53
Aug 17 10:28:56 ns1 named[907]: no longer listening on 63.126.79.105#53
Aug 17 10:28:56 ns1 named[907]: no longer listening on 63.126.79.110#53
Aug 17 10:28:56 ns1 named[907]: no longer listening on 63.126.79.115#53
Aug 17 10:28:56 ns1 named[907]: no longer listening on 63.126.79.120#53
Aug 17 10:28:56 ns1 named[907]: no longer listening on 63.126.79.125#53
Aug 17 10:28:57 ns1 named[902]: exiting
Aug 17 10:29:00 ns1 named: named shutdown succeeded
Aug 17 10:29:00 ns1 ucd-snmp[919]: Received TERM or STOP signal...  shutting down... 
Aug 17 10:29:01 ns1 snmpd: snmpd shutdown succeeded
Aug 17 10:29:01 ns1 xinetd[681]: Exiting...
Aug 17 10:29:02 ns1 xinetd: xinetd shutdown succeeded
Aug 17 10:29:02 ns1 atd: atd shutdown succeeded
Aug 17 10:29:02 ns1 crond: crond shutdown succeeded
Aug 17 10:29:02 ns1 identd: identd shutdown succeeded
Aug 17 10:29:02 ns1 autofs: automount -USR2 succeeded
Aug 17 10:29:03 ns1 automount[634]: shutting down, path = /misc
Aug 17 10:29:04 ns1 apmd[585]: Exiting
Aug 17 10:29:05 ns1 apmd: apmd shutdown succeeded
Aug 17 10:29:05 ns1 ntpd[930]: ntpd exiting on signal 15
Aug 17 10:29:05 ns1 ntpd: ntpd shutdown succeeded
Aug 17 10:29:05 ns1 dd: 1+0 records in
Aug 17 10:29:05 ns1 dd: 1+0 records out
Aug 17 10:29:05 ns1 random: Saving random seed:  succeeded
Aug 17 10:29:05 ns1 rpc.statd[501]: Caught signal 15, un-registering and exiting.
Aug 17 10:29:06 ns1 nfslock: rpc.statd shutdown succeeded
Aug 17 10:29:07 ns1 portmap: portmap shutdown succeeded
Aug 17 10:29:07 ns1 kernel: Kernel logging (proc) stopped.
Aug 17 10:29:07 ns1 kernel: Kernel log daemon terminating.
Aug 17 10:29:08 ns1 syslog: klogd shutdown succeeded
Aug 17 10:29:08 ns1 exiting on signal 15
Aug 17 10:30:10 ns1 syslogd 1.4-0: restart.
Aug 17 10:30:10 ns1 syslog: syslogd startup succeeded
Aug 17 10:30:10 ns1 syslog: klogd startup succeeded
Aug 17 10:30:10 ns1 kernel: klogd 1.4-0, log source = /proc/kmsg started.
Aug 17 10:30:10 ns1 kernel: Inspecting /boot/System.map-2.4.2-2
Aug 17 10:30:10 ns1 portmap: portmap startup succeeded
Aug 17 10:30:10 ns1 kernel: Loaded 14301 symbols from /boot/System.map-2.4.2-2.
Aug 17 10:30:10 ns1 kernel: Symbols match kernel version 2.4.2.
Aug 17 10:30:10 ns1 kernel: Loaded 135 symbols from 4 modules.
Aug 17 10:30:10 ns1 kernel: Linux version 2.4.2-2 (root@porky.devel.redhat.com) (gcc version 2.96 20000731 (Red Hat Linux 7.1 2.96-79)) #1 Sun Apr 8 20:41:30 EDT 2001
Aug 17 10:30:10 ns1 kernel: BIOS-provided physical RAM map:
Aug 17 10:30:10 ns1 kernel:  BIOS-e820: 00000000000a0000 @ 0000000000000000 (usable)
Aug 17 10:30:10 ns1 kernel:  BIOS-e820: 0000000000010000 @ 00000000000f0000 (reserved)
Aug 17 10:30:10 ns1 kernel:  BIOS-e820: 0000000007dae000 @ 0000000000100000 (usable)
Aug 17 10:30:10 ns1 kernel:  BIOS-e820: 0000000000052000 @ 0000000007eae000 (reserved)
Aug 17 10:30:10 ns1 kernel:  BIOS-e820: 0000000000100000 @ 0000000007f00000 (reserved)
Aug 17 10:30:10 ns1 kernel:  BIOS-e820: 0000000000500000 @ 00000000ffb00000 (reserved)
Aug 17 10:30:10 ns1 kernel: On node 0 totalpages: 32430
Aug 17 10:30:10 ns1 kernel: zone(0): 4096 pages.
Aug 17 10:30:10 ns1 kernel: zone DMA has max 32 cached pages.
Aug 17 10:30:10 ns1 kernel: zone(1): 28334 pages.
Aug 17 10:30:10 ns1 nfslock: rpc.statd startup succeeded
Aug 17 10:30:10 ns1 rpc.statd[501]: Version 0.3.1 Starting
Aug 17 10:30:10 ns1 kernel: zone Normal has max 221 cached pages.
Aug 17 10:30:10 ns1 kernel: zone(2): 0 pages.
Aug 17 10:30:10 ns1 kernel: zone HighMem has max 1 cached pages.
Aug 17 10:30:10 ns1 kernel: Kernel command line: auto BOOT_IMAGE=linux ro root=308 BOOT_FILE=/boot/vmlinuz-2.4.2-2
Aug 17 10:30:10 ns1 kernel: Initializing CPU#0
Aug 17 10:30:10 ns1 kernel: Detected 730.971 MHz processor.
Aug 17 10:30:11 ns1 keytable: Loading keymap: 
Aug 17 10:30:10 ns1 kernel: Console: colour VGA+ 80x25
Aug 17 10:30:11 ns1 kernel: Calibrating delay loop... 1458.17 BogoMIPS
Aug 17 10:30:11 ns1 kernel: Memory: 125148k/129720k available (1365k kernel code, 4188k reserved, 92k data, 236k init, 0k highmem)
Aug 17 10:30:11 ns1 kernel: Dentry-cache hash table entries: 16384 (order: 5, 131072 bytes)
Aug 17 10:30:11 ns1 kernel: Buffer-cache hash table entries: 4096 (order: 2, 16384 bytes)
Aug 17 10:30:11 ns1 kernel: Page-cache hash table entries: 32768 (order: 6, 262144 bytes)
Aug 17 10:30:11 ns1 kernel: Inode-cache hash table entries: 8192 (order: 4, 65536 bytes)
Aug 17 10:30:11 ns1 kernel: VFS: Diskquotas version dquot_6.5.0 initialized
Aug 17 10:30:11 ns1 keytable: 
Aug 17 10:30:11 ns1 kernel: CPU: Before vendor init, caps: 0383f9ff 00000000 00000000, vendor = 0
Aug 17 10:30:11 ns1 keytable: Loading system font: 
Aug 17 10:30:11 ns1 kernel: CPU: L1 I cache: 16K, L1 D cache: 16K
Aug 17 10:30:11 ns1 kernel: CPU: L2 cache: 256K
Aug 17 10:30:11 ns1 kernel: Intel machine check architecture supported.
Aug 17 10:30:11 ns1 kernel: Intel machine check reporting enabled on CPU#0.
Aug 17 10:30:11 ns1 kernel: CPU: After vendor init, caps: 0383f9ff 00000000 00000000 00000000
Aug 17 10:30:11 ns1 kernel: CPU: After generic, caps: 0383f9ff 00000000 00000000 00000000
Aug 17 10:30:11 ns1 kernel: CPU: Common caps: 0383f9ff 00000000 00000000 00000000
Aug 17 10:30:11 ns1 kernel: CPU: Intel Pentium III (Coppermine) stepping 06
Aug 17 10:30:11 ns1 keytable: 
Aug 17 10:30:11 ns1 kernel: Enabling fast FPU save and restore... done.
Aug 17 10:30:11 ns1 rc: Starting keytable:  succeeded
Aug 17 10:30:11 ns1 kernel: Enabling unmasked SIMD FPU exception support... done.
Aug 17 10:30:11 ns1 kernel: Checking 'hlt' instruction... OK.
Aug 17 10:30:11 ns1 kernel: POSIX conformance testing by UNIFIX
Aug 17 10:30:11 ns1 kernel: mtrr: v1.37 (20001109) Richard Gooch (rgooch@atnf.csiro.au)
Aug 17 10:30:11 ns1 kernel: mtrr: detected mtrr type: Intel
Aug 17 10:30:11 ns1 kernel: PCI: PCI BIOS revision 2.10 entry at 0xfc0ce, last bus=1
Aug 17 10:30:11 ns1 kernel: PCI: Using configuration type 1
Aug 17 10:30:11 ns1 kernel: PCI: Probing PCI hardware
Aug 17 10:30:11 ns1 kernel: PCI: Using IRQ router PIIX [8086/2410] at 00:1f.0
Aug 17 10:30:11 ns1 kernel: isapnp: Scanning for PnP cards...
Aug 17 10:30:11 ns1 kernel: isapnp: No Plug & Play device found
Aug 17 10:30:11 ns1 kernel: Linux NET4.0 for Linux 2.4
Aug 17 10:30:11 ns1 kernel: Based upon Swansea University Computer Society NET3.039
Aug 17 10:30:11 ns1 kernel: Initializing RT netlink socket
Aug 17 10:30:11 ns1 kernel: apm: BIOS version 1.2 Flags 0x03 (Driver version 1.14)
Aug 17 10:30:11 ns1 kernel: Starting kswapd v1.8
Aug 17 10:30:11 ns1 kernel: pty: 256 Unix98 ptys configured
Aug 17 10:30:11 ns1 kernel: block: queued sectors max/low 83026kB/27675kB, 256 slots per queue
Aug 17 10:30:11 ns1 kernel: RAMDISK driver initialized: 16 RAM disks of 4096K size 1024 blocksize
Aug 17 10:30:11 ns1 kernel: Uniform Multi-Platform E-IDE driver Revision: 6.31
Aug 17 10:30:11 ns1 kernel: ide: Assuming 33MHz system bus speed for PIO modes; override with idebus=xx
Aug 17 10:30:11 ns1 random: Initializing random number generator:  succeeded
Aug 17 10:30:11 ns1 kernel: PIIX4: IDE controller on PCI bus 00 dev f9
Aug 17 10:30:11 ns1 kernel: PIIX4: chipset revision 2
Aug 17 10:30:11 ns1 kernel: PIIX4: not 100%% native mode: will probe irqs later
Aug 17 10:30:11 ns1 kernel:     ide0: BM-DMA at 0xffa0-0xffa7, BIOS settings: hda:DMA, hdb:pio
Aug 17 10:30:11 ns1 kernel:     ide1: BM-DMA at 0xffa8-0xffaf, BIOS settings: hdc:DMA, hdd:pio
Aug 17 10:30:11 ns1 kernel: hda: IBM-DTLA-307015, ATA DISK drive
Aug 17 10:30:11 ns1 kernel: hdc: SAMSUNG CD-ROM SN-124, ATAPI CD/DVD-ROM drive
Aug 17 10:30:11 ns1 kernel: ide0 at 0x1f0-0x1f7,0x3f6 on irq 14
Aug 17 10:30:11 ns1 kernel: ide1 at 0x170-0x177,0x376 on irq 15
Aug 17 10:30:11 ns1 kernel: hda: 29336832 sectors (15020 MB) w/1916KiB Cache, CHS=1826/255/63, UDMA(66)
Aug 17 10:30:11 ns1 kernel: Partition check:
Aug 17 10:30:11 ns1 kernel:  hda: hda1 hda2 < hda5 hda6 hda7 hda8 hda9 >
Aug 17 10:30:11 ns1 kernel: Floppy drive(s): fd0 is 1.44M
Aug 17 10:30:11 ns1 kernel: FDC 0 is a National Semiconductor PC87306
Aug 17 10:30:11 ns1 kernel: Serial driver version 5.02 (2000-08-09) with MANY_PORTS MULTIPORT SHARE_IRQ SERIAL_PCI ISAPNP enabled
Aug 17 10:30:11 ns1 kernel: ttyS00 at 0x03f8 (irq = 4) is a 16550A
Aug 17 10:30:11 ns1 kernel: ttyS01 at 0x02f8 (irq = 3) is a 16550A
Aug 17 10:30:11 ns1 kernel: Real Time Clock Driver v1.10d
Aug 17 10:30:11 ns1 kernel: md driver 0.90.0 MAX_MD_DEVS=256, MD_SB_DISKS=27
Aug 17 10:30:11 ns1 kernel: md.c: sizeof(mdp_super_t) = 4096
Aug 17 10:30:11 ns1 kernel: autodetecting RAID arrays
Aug 17 10:30:11 ns1 kernel: autorun ...
Aug 17 10:30:11 ns1 kernel: ... autorun DONE.
Aug 17 10:30:11 ns1 kernel: NET4: Linux TCP/IP 1.0 for NET4.0
Aug 17 10:30:11 ns1 kernel: IP Protocols: ICMP, UDP, TCP, IGMP
Aug 17 10:30:11 ns1 kernel: IP: routing cache hash table of 512 buckets, 4Kbytes
Aug 17 10:30:11 ns1 kernel: TCP: Hash tables configured (established 8192 bind 8192)
Aug 17 10:30:11 ns1 kernel: Linux IP multicast router 0.06 plus PIM-SM
Aug 17 10:30:11 ns1 kernel: NET4: Unix domain sockets 1.0/SMP for Linux NET4.0.
Aug 17 10:30:11 ns1 kernel: VFS: Mounted root (ext2 filesystem) readonly.
Aug 17 10:30:11 ns1 kernel: Freeing unused kernel memory: 236k freed
Aug 17 10:30:11 ns1 kernel: Adding Swap: 265032k swap-space (priority -1)
Aug 17 10:30:11 ns1 kernel: usb.c: registered new driver usbdevfs
Aug 17 10:30:11 ns1 kernel: usb.c: registered new driver hub
Aug 17 10:30:11 ns1 kernel: usb-uhci.c: $Revision: 1.251 $ time 20:53:29 Apr  8 2001
Aug 17 10:30:11 ns1 kernel: usb-uhci.c: High bandwidth mode enabled
Aug 17 10:30:12 ns1 kernel: PCI: Found IRQ 11 for device 00:1f.2
Aug 17 10:30:12 ns1 netfs: Mounting other filesystems:  succeeded
Aug 17 10:30:12 ns1 kernel: PCI: Setting latency timer of device 00:1f.2 to 64
Aug 17 10:30:12 ns1 kernel: usb-uhci.c: USB UHCI at I/O 0xff80, IRQ 11
Aug 17 10:30:12 ns1 kernel: usb-uhci.c: Detected 2 ports
Aug 17 10:30:12 ns1 kernel: usb.c: new USB bus registered, assigned bus number 1
Aug 17 10:30:12 ns1 kernel: hub.c: USB hub found
Aug 17 10:30:12 ns1 kernel: hub.c: 2 ports detected
Aug 17 10:30:12 ns1 kernel: Winbond Super-IO detection, now testing ports 3F0,370,250,4E,2E ...
Aug 17 10:30:12 ns1 kernel: SMSC Super-IO detection, now testing Ports 2F0, 370 ...
Aug 17 10:30:12 ns1 apmd: apmd startup succeeded
Aug 17 10:30:12 ns1 apmd[585]: Version 3.0final (APM BIOS 1.2, Linux driver 1.14)
Aug 17 10:30:12 ns1 kernel: 0x378: FIFO is 16 bytes
Aug 17 10:30:12 ns1 kernel: 0x378: writeIntrThreshold is 8
Aug 17 10:30:12 ns1 kernel: 0x378: readIntrThreshold is 8
Aug 17 10:30:12 ns1 kernel: parport0: PC-style at 0x378 (0x778) [PCSPP,TRISTATE,COMPAT,EPP,ECP]
Aug 17 10:30:12 ns1 kernel: parport0: irq 7 detected
Aug 17 10:30:12 ns1 kernel: ip_conntrack (1013 buckets, 8104 max)
Aug 17 10:29:54 ns1 rc.sysinit: Mounting proc filesystem:  succeeded 
Aug 17 10:30:12 ns1 apmd[585]: Charge: * * * (-1% unknown)
Aug 17 10:30:12 ns1 kernel: PCI: Found IRQ 5 for device 01:0c.0
Aug 17 10:29:54 ns1 sysctl: net.ipv4.ip_forward = 0 
Aug 17 10:30:12 ns1 kernel: 3c59x.c:LK1.1.13 27 Jan 2001  Donald Becker and others. http://www.scyld.com/network/vortex.html
Aug 17 10:29:54 ns1 sysctl: net.ipv4.conf.all.rp_filter = 1 
Aug 17 10:30:12 ns1 kernel: See Documentation/networking/vortex.txt
Aug 17 10:29:54 ns1 sysctl: kernel.sysrq = 0 
Aug 17 10:30:12 ns1 kernel: eth0: 3Com PCI 3c905C Tornado at 0xec80,  00:b0:d0:87:85:c3, IRQ 5
Aug 17 10:29:54 ns1 rc.sysinit: Configuring kernel parameters:  succeeded 
Aug 17 10:30:12 ns1 kernel:   product code 0000 rev 00.14 date 07-16-104
Aug 17 10:29:54 ns1 date: Tue Aug 17 10:29:48 EDT 2004 
Aug 17 10:30:12 ns1 kernel:   8K byte-wide RAM 5:3 Rx:Tx split, autoselect/Autonegotiate interface.
Aug 17 10:29:54 ns1 rc.sysinit: Setting clock  (localtime): Tue Aug 17 10:29:48 EDT 2004 succeeded 
Aug 17 10:30:12 ns1 kernel:   MII transceiver found at address 24, status 782d.
Aug 17 10:29:54 ns1 rc.sysinit: Loading default keymap succeeded 
Aug 17 10:30:12 ns1 kernel:   Enabling bus-master transmits and whole-frame receives.
Aug 17 10:29:54 ns1 rc.sysinit: Setting default font (lat0-sun16):  succeeded 
Aug 17 10:30:12 ns1 kernel: eth0: scatter/gather disabled. h/w checksums enabled
Aug 17 10:29:54 ns1 rc.sysinit: Activating swap partitions:  succeeded 
Aug 17 10:30:12 ns1 kernel: eth0: using NWAY device table, not 8
Aug 17 10:29:54 ns1 rc.sysinit: Setting hostname ns1.bkwconsulting.com:  succeeded 
Aug 17 10:29:54 ns1 rc.sysinit: Mounting USB filesystem:  succeeded 
Aug 17 10:29:54 ns1 rc.sysinit: Initializing USB controller (usb-uhci):  succeeded 
Aug 17 10:29:54 ns1 fsck: /: clean, 17046/66264 files, 63476/265041 blocks 
Aug 17 10:29:54 ns1 rc.sysinit: Checking root filesystem succeeded 
Aug 17 10:29:54 ns1 rc.sysinit: Remounting root filesystem in read-write mode:  succeeded 
Aug 17 10:30:13 ns1 automount[634]: starting automounter version 3.1.7, path = /misc, maptype = file, mapname = /etc/auto.misc
Aug 17 10:30:13 ns1 autofs: autofs startup succeeded
Aug 17 10:29:55 ns1 rc.sysinit: Finding module dependencies:  succeeded 
Aug 17 10:29:55 ns1 fsck: /boot: clean, 26/14056 files, 5265/56196 blocks 
Aug 17 10:29:55 ns1 fsck: /home: clean, 911/780288 files, 200825/1560305 blocks 
Aug 17 10:29:55 ns1 fsck: /usr: clean, 51695/780288 files, 240738/1560305 blocks 
Aug 17 10:29:55 ns1 fsck: /var: clean, 20533/66264 files, 193376/265041 blocks 
Aug 17 10:29:55 ns1 rc.sysinit: Checking filesystems succeeded 
Aug 17 10:30:13 ns1 atd: atd startup succeeded
Aug 17 10:29:56 ns1 rc.sysinit: Mounting local filesystems:  succeeded 
Aug 17 10:29:56 ns1 rc.sysinit: Turning on process accounting succeeded 
Aug 17 10:29:56 ns1 rc.sysinit: Turning on user and group quotas for local filesystems:  succeeded 
Aug 17 10:29:57 ns1 rc.sysinit: Enabling swap space:  succeeded 
Aug 17 10:29:58 ns1 init: Entering runlevel: 3 
Aug 17 10:29:58 ns1 kudzu: Updating /etc/fstab succeeded 
Aug 17 10:30:09 ns1 kudzu:  succeeded 
Aug 17 10:30:09 ns1 sysctl: net.ipv4.ip_forward = 0 
Aug 17 10:30:13 ns1 sshd: Starting sshd:
Aug 17 10:30:09 ns1 sysctl: net.ipv4.conf.all.rp_filter = 1 
Aug 17 10:30:09 ns1 sysctl: kernel.sysrq = 0 
Aug 17 10:30:14 ns1 automount[634]: using kernel protocol version 3
Aug 17 10:30:09 ns1 network: Setting network parameters:  succeeded 
Aug 17 10:30:09 ns1 network: Bringing up interface lo:  succeeded 
Aug 17 10:30:10 ns1 network: Bringing up interface eth0:  succeeded 
Aug 17 10:30:14 ns1 sshd:  succeeded
Aug 17 10:30:14 ns1 sshd: 
Aug 17 10:30:14 ns1 rc: Starting sshd:  succeeded
Aug 17 10:30:15 ns1 xinetd[681]: chargen disabled, removing
Aug 17 10:30:15 ns1 xinetd[681]: chargen-udp disabled, removing
Aug 17 10:30:15 ns1 xinetd[681]: time disabled, removing
Aug 17 10:30:15 ns1 xinetd[681]: time disabled, removing
Aug 17 10:30:15 ns1 xinetd[681]: daytime disabled, removing
Aug 17 10:30:15 ns1 xinetd[681]: talk disabled, removing
Aug 17 10:30:15 ns1 xinetd[681]: rsync disabled, removing
Aug 17 10:30:15 ns1 xinetd[681]: shell disabled, removing
Aug 17 10:30:15 ns1 xinetd[681]: login disabled, removing
Aug 17 10:30:15 ns1 xinetd[681]: exec disabled, removing
Aug 17 10:30:15 ns1 xinetd[681]: pop3s disabled, removing
Aug 17 10:30:15 ns1 xinetd[681]: ntalk disabled, removing
Aug 17 10:30:15 ns1 xinetd[681]: daytime-udp disabled, removing
Aug 17 10:30:15 ns1 xinetd[681]: pop2 disabled, removing
Aug 17 10:30:15 ns1 xinetd[681]: imaps disabled, removing
Aug 17 10:30:15 ns1 xinetd[681]: echo disabled, removing
Aug 17 10:30:15 ns1 xinetd[681]: finger disabled, removing
Aug 17 10:30:15 ns1 xinetd[681]: echo-udp disabled, removing
Aug 17 10:30:15 ns1 xinetd[681]: xinetd Version 2.1.8.9pre14 started with 
Aug 17 10:30:15 ns1 xinetd[681]: libwrap 
Aug 17 10:30:15 ns1 xinetd[681]: options compiled in.
Aug 17 10:30:15 ns1 xinetd[681]: Started working: 4 available services
Aug 17 10:30:18 ns1 xinetd: xinetd startup succeeded
Aug 17 10:30:19 ns1 sendmail: sendmail startup succeeded
Aug 17 10:30:19 ns1 gpm: gpm startup succeeded
Aug 17 10:30:20 ns1 crond: crond startup succeeded
Aug 17 10:30:21 ns1 xfs: listening on port 7100 
Aug 17 10:30:21 ns1 xfs: xfs startup succeeded
Aug 17 10:30:21 ns1 anacron: anacron startup succeeded
Aug 17 10:30:23 ns1 httpd: httpd startup succeeded
Aug 17 10:30:24 ns1 squid[892]: Squid Parent: child process 893 started
Aug 17 10:30:24 ns1 named: named startup succeeded
Aug 17 10:30:24 ns1 named[902]: starting BIND 9.1.0 -u named
Aug 17 10:30:24 ns1 named[902]: using 1 CPU
Aug 17 10:30:24 ns1 named[908]: loading configuration from '/etc/named.conf'
Aug 17 10:30:25 ns1 named[908]: the default for the 'auth-nxdomain' option is now 'no'
Aug 17 10:30:25 ns1 named[908]: no IPv6 interfaces found
Aug 17 10:30:25 ns1 named[908]: listening on IPv4 interface lo, 127.0.0.1#53
Aug 17 10:30:25 ns1 named[908]: listening on IPv4 interface eth0, 63.126.79.67#53
Aug 17 10:30:25 ns1 named[908]: listening on IPv4 interface eth0:1, 63.126.79.69#53
Aug 17 10:30:25 ns1 named[908]: listening on IPv4 interface eth0:2, 63.126.79.70#53
Aug 17 10:30:25 ns1 named[908]: listening on IPv4 interface eth0:3, 63.126.79.71#53
Aug 17 10:30:25 ns1 named[908]: listening on IPv4 interface eth0:4, 63.126.79.72#53
Aug 17 10:30:25 ns1 named[908]: listening on IPv4 interface eth0:5, 63.126.79.73#53
Aug 17 10:30:25 ns1 named[908]: listening on IPv4 interface eth0:6, 63.126.79.75#53
Aug 17 10:30:25 ns1 named[908]: listening on IPv4 interface eth0:7, 63.126.79.80#53
Aug 17 10:30:25 ns1 named[908]: listening on IPv4 interface eth0:8, 63.126.79.81#53
Aug 17 10:30:25 ns1 named[908]: listening on IPv4 interface eth0:9, 63.126.79.82#53
Aug 17 10:30:25 ns1 named[908]: listening on IPv4 interface eth0:10, 63.126.79.83#53
Aug 17 10:30:25 ns1 snmpd: snmpd startup succeeded
Aug 17 10:30:25 ns1 named[908]: listening on IPv4 interface eth0:11, 63.126.79.84#53
Aug 17 10:30:26 ns1 named[908]: listening on IPv4 interface eth0:12, 63.126.79.85#53
Aug 17 10:30:26 ns1 named[908]: listening on IPv4 interface eth0:13, 63.126.79.87#53
Aug 17 10:30:26 ns1 named[908]: listening on IPv4 interface eth0:14, 63.126.79.89#53
Aug 17 10:30:26 ns1 named[908]: listening on IPv4 interface eth0:15, 63.126.79.90#53
Aug 17 10:30:26 ns1 named[908]: listening on IPv4 interface eth0:16, 63.126.79.95#53
Aug 17 10:30:26 ns1 named[908]: listening on IPv4 interface eth0:17, 63.126.79.100#53
Aug 17 10:30:26 ns1 named[908]: listening on IPv4 interface eth0:18, 63.126.79.105#53
Aug 17 10:30:26 ns1 named[908]: listening on IPv4 interface eth0:19, 63.126.79.110#53
Aug 17 10:30:26 ns1 named[908]: listening on IPv4 interface eth0:20, 63.126.79.115#53
Aug 17 10:30:26 ns1 named[908]: listening on IPv4 interface eth0:21, 63.126.79.120#53
Aug 17 10:30:26 ns1 named[908]: listening on IPv4 interface eth0:22, 63.126.79.125#53
Aug 17 10:30:26 ns1 ntpd: ntpd startup succeeded
Aug 17 10:30:26 ns1 ntpd[930]: ntpd 4.0.99k Mon Apr  9 14:50:09 EDT 2001 (1)
Aug 17 10:30:26 ns1 ntpd[930]: precision = 11 usec
Aug 17 10:30:26 ns1 ntpd[930]: using kernel phase-lock loop 0040
Aug 17 10:30:26 ns1 named[908]: running
Aug 17 10:30:26 ns1 ntpd[930]: frequency initialized 0.000 from /etc/ntp/drift
Aug 17 10:30:27 ns1 ntpd[930]: using kernel phase-lock loop 0041
Aug 17 10:30:27 ns1 ntpd[930]: ...multicast address 224.0.1.1 using wildcard socket
Aug 17 10:30:28 ns1 smb: smbd startup succeeded
Aug 17 10:30:28 ns1 smb: nmbd startup succeeded
Aug 17 10:30:28 ns1 ucd-snmp[919]: UCD-SNMP version 4.2 
Aug 17 10:30:29 ns1 identd: identd startup succeeded
Aug 17 10:30:29 ns1 rsyncd[971]: rsyncd version 2.4.6 starting 
Aug 20 09:46:56 ns1 login(pam_unix)[974]: bad username [ ]
Aug 20 09:46:56 ns1 login[974]: FAILED LOGIN 1 FROM (null) FOR  , Authentication failure
Aug 20 09:46:56 ns1 login(pam_unix)[974]: bad username []
Aug 20 09:46:56 ns1 login[974]: FAILED LOGIN 2 FROM (null) FOR , Authentication failure
Aug 20 09:47:03 ns1 login(pam_unix)[974]: authentication failure; logname=LOGIN uid=0 euid=0 tty=tty1 ruser= rhost=  user=tguy
Aug 20 09:47:05 ns1 login[974]: FAILED LOGIN 3 FROM (null) FOR tguy, Authentication failure
Aug 20 09:47:08 ns1 login(pam_unix)[975]: session opened for user tguy by LOGIN(uid=0)
Aug 20 09:47:08 ns1  -- tguy[975]: LOGIN ON tty2 BY tguy
Aug 20 09:49:00 ns1 login(pam_unix)[975]: session closed for user tguy
